// Jest Snapshot v1, https://goo.gl/fbAQLP

exports[`<ChatMessageList /> renders messages 1`] = `
<div
  className="ChatMessageList-messagesWrapper-54"
>
  <div
    className="ChatMessage-messageWrapper-107 ChatMessage-messageWrappperFromMe-108"
  >
    <div
      className="MuiPaper-root-56 MuiPaper-shadow2-60 MuiPaper-rounded-57 ChatMessage-message-109 ChatMessage-messageFromMe-110"
    >
      <span
        className="MuiTypography-root-83 MuiTypography-caption-93"
        style={
          Object {
            "color": "#ffc107",
          }
        }
      >
        me
      </span>
      <p
        className="MuiTypography-root-83 MuiTypography-body1-92"
      >
        Hello, World!
      </p>
      <span
        className="MuiTypography-root-83 MuiTypography-caption-93"
      >
        2 days ago
      </span>
    </div>
    <div
      className="MuiAvatar-root-113 MuiAvatar-colorDefault-114"
      style={
        Object {
          "backgroundColor": "#ffc107",
        }
      }
    >
      M
    </div>
  </div>
  <div
    className="ChatMessage-messageWrapper-107"
  >
    <div
      className="MuiAvatar-root-113 MuiAvatar-colorDefault-114"
      style={
        Object {
          "backgroundColor": "#ffc107",
        }
      }
    >
      S
    </div>
    <div
      className="MuiPaper-root-56 MuiPaper-shadow2-60 MuiPaper-rounded-57 ChatMessage-message-109"
    >
      <span
        className="MuiTypography-root-83 MuiTypography-caption-93"
        style={
          Object {
            "color": "#ffc107",
          }
        }
      >
        someone
      </span>
      <p
        className="MuiTypography-root-83 MuiTypography-body1-92"
      >
        Hello, React!
      </p>
      <span
        className="MuiTypography-root-83 MuiTypography-caption-93"
      >
        2 days ago
      </span>
    </div>
  </div>
</div>
`;

exports[`<ChatMessageList /> renders paper 1`] = `
<div
  className="MuiPaper-root-56 MuiPaper-shadow2-60 MuiPaper-rounded-57 ChatMessageList-paper-55"
>
  <h1
    className="MuiTypography-root-83 MuiTypography-display1-87 MuiTypography-gutterBottom-100"
  >
    Start messagingâ€¦
  </h1>
  <p
    className="MuiTypography-root-83 MuiTypography-body1-92 MuiTypography-gutterBottom-100"
  >
    Use 
    <strong>
      Global
    </strong>
     to explore communities around here.
  </p>
  <p
    className="MuiTypography-root-83 MuiTypography-body1-92 MuiTypography-gutterBottom-100"
  >
    Use 
    <strong>
      Recents
    </strong>
     to see your recent conversations.
  </p>
</div>
`;

exports[`<ChatMessageList /> renders without messages 1`] = `
<h1
  className="MuiTypography-root-83 MuiTypography-display1-87"
>
  There is no messages yet...
</h1>
`;
