// Jest Snapshot v1, https://goo.gl/fbAQLP

exports[`<WelcomePage /> renders correctly 1`] = `
Array [
  <header
    className="MuiPaper-root-199 MuiPaper-shadow4-205 MuiAppBar-root-191 MuiAppBar-positionFixed-192 MuiAppBar-colorPrimary-197 mui-fixed"
>
    <div
        className="MuiToolbar-root-226 MuiToolbar-gutters-227"
    >
        <h2
            className="MuiTypography-root-228 MuiTypography-title-234 MuiTypography-colorInherit-247"
            style={
                Object {
                    "flex": 1,
                  }
            }
        >
            Messenger
        </h2>
    </div>
</header>,
  <div
    className="MuiGrid-typeContainer-252 MuiGrid-spacing-xs-16-274 MuiGrid-justify-xs-center-269"
>
    <div
        className="MuiGrid-typeItem-253"
    >
        <div
            className="MuiPaper-root-199 MuiPaper-shadow2-203 MuiPaper-rounded-200 WelcomePage-paper-189"
        >
            <header
                className="MuiPaper-root-199 MuiPaper-shadow4-205 MuiAppBar-root-191 MuiAppBar-positionStatic-195 MuiAppBar-colorDefault-196"
            >
                <div
                    className="MuiTabs-root-342"
                >
                    <div
                        className="MuiTabs-flexContainer-343"
                    >
                        <div
                            className="MuiTabs-scrollingContainer-344 MuiTabs-fixed-345"
                            onScroll={[Function]}
                            role="tablist"
                            style={
                                Object {
                                    "marginBottom": 0,
                                  }
                            }
                        >
                            <div
                                className="MuiTabs-flexContainer-343"
                            >
                                <button
                                    aria-selected={true}
                                    className="MuiButtonBase-root-365 MuiTab-root-349 MuiTab-rootInherit-351 MuiTab-rootInheritSelected-358 MuiTab-fullWidth-360"
                                    disabled={false}
                                    onBlur={[Function]}
                                    onClick={[Function]}
                                    onFocus={[Function]}
                                    onKeyDown={[Function]}
                                    onKeyUp={[Function]}
                                    onMouseDown={[Function]}
                                    onMouseLeave={[Function]}
                                    onMouseUp={[Function]}
                                    onTouchEnd={[Function]}
                                    onTouchMove={[Function]}
                                    onTouchStart={[Function]}
                                    role="tab"
                                    style={undefined}
                                    tabIndex={0}
                                    type="button"
                                >
                                    <span
                                        className="MuiTab-wrapper-361"
                                    >
                                        <span
                                            className="MuiTab-labelContainer-362"
                                        >
                                            <span
                                                className="MuiTab-label-363"
                                            >
                                                Login
                                            </span>
                                        </span>
                                    </span>
                                    <span
                                        className="MuiTouchRipple-root-370"
                                    />
                                </button>
                                <button
                                    aria-selected={false}
                                    className="MuiButtonBase-root-365 MuiTab-root-349 MuiTab-rootInherit-351 MuiTab-fullWidth-360"
                                    disabled={false}
                                    onBlur={[Function]}
                                    onClick={[Function]}
                                    onFocus={[Function]}
                                    onKeyDown={[Function]}
                                    onKeyUp={[Function]}
                                    onMouseDown={[Function]}
                                    onMouseLeave={[Function]}
                                    onMouseUp={[Function]}
                                    onTouchEnd={[Function]}
                                    onTouchMove={[Function]}
                                    onTouchStart={[Function]}
                                    role="tab"
                                    style={undefined}
                                    tabIndex={0}
                                    type="button"
                                >
                                    <span
                                        className="MuiTab-wrapper-361"
                                    >
                                        <span
                                            className="MuiTab-labelContainer-362"
                                        >
                                            <span
                                                className="MuiTab-label-363"
                                            >
                                                Sign Up
                                            </span>
                                        </span>
                                    </span>
                                    <span
                                        className="MuiTouchRipple-root-370"
                                    />
                                </button>
                            </div>
                            <span
                                className="MuiTabIndicator-root-367 MuiTabIndicator-colorSecondary-369"
                                style={
                                    Object {
                                        "left": 0,
                                        "width": 0,
                                      }
                                }
                            />
                        </div>
                    </div>
                </div>
            </header>
            <div
                className="WelcomePage-tabContent-190"
            >
                LoginForm
            </div>
        </div>
    </div>
</div>,
  "./ErrorMessage",
]
`;
